// Jest Snapshot v1, https://goo.gl/fbAQLP

exports[`Pruebas en <GifGridItem /> debe de mostrar <GifGridItem /> correctamente 1`] = `
<div
  className="card animate__animated animate__backInLeft"
>
  <img
    alt="Un título"
    src="http://localhost:3000/logo192.png"
  />
  <p>
     
    Un título
     
  </p>
</div>
`;
